Using pre-set license
Built from '2022.3/china_unity/release' branch; Version is '2022.3.14f1c1 (25540d4d24fc) revision 2446349'; Using compiler version '192829333'; Build Type 'Release'
OS: 'Windows 10  (10.0.19045) 64bit Professional' Language: 'zh' Physical Memory: 32477 MB
BatchMode: 1, IsHumanControllingUs: 0, StartBugReporterOnCrash: 0, Is64bit: 1, IsPro: 1

COMMAND LINE ARGUMENTS:
D:\Unity\2022.3.14f1c1\Editor\Unity.exe
-adb2
-batchMode
-noUpm
-name
AssetImportWorker4
-projectPath
D:/Unity/bishe
-logFile
Logs/AssetImportWorker4.log
-srvPort
61602
Successfully changed project path to: D:/Unity/bishe
D:/Unity/bishe
[UnityMemory] Configuration Parameters - Can be set up in boot.config
    "memorysetup-bucket-allocator-granularity=16"
    "memorysetup-bucket-allocator-bucket-count=8"
    "memorysetup-bucket-allocator-block-size=33554432"
    "memorysetup-bucket-allocator-block-count=8"
    "memorysetup-main-allocator-block-size=16777216"
    "memorysetup-thread-allocator-block-size=16777216"
    "memorysetup-gfx-main-allocator-block-size=16777216"
    "memorysetup-gfx-thread-allocator-block-size=16777216"
    "memorysetup-cache-allocator-block-size=4194304"
    "memorysetup-typetree-allocator-block-size=2097152"
    "memorysetup-profiler-bucket-allocator-granularity=16"
    "memorysetup-profiler-bucket-allocator-bucket-count=8"
    "memorysetup-profiler-bucket-allocator-block-size=33554432"
    "memorysetup-profiler-bucket-allocator-block-count=8"
    "memorysetup-profiler-allocator-block-size=16777216"
    "memorysetup-profiler-editor-allocator-block-size=1048576"
    "memorysetup-temp-allocator-size-main=16777216"
    "memorysetup-job-temp-allocator-block-size=2097152"
    "memorysetup-job-temp-allocator-block-size-background=1048576"
    "memorysetup-job-temp-allocator-reduction-small-platforms=262144"
    "memorysetup-allocator-temp-initial-block-size-main=262144"
    "memorysetup-allocator-temp-initial-block-size-worker=262144"
    "memorysetup-temp-allocator-size-background-worker=32768"
    "memorysetup-temp-allocator-size-job-worker=262144"
    "memorysetup-temp-allocator-size-preload-manager=33554432"
    "memorysetup-temp-allocator-size-nav-mesh-worker=65536"
    "memorysetup-temp-allocator-size-audio-worker=65536"
    "memorysetup-temp-allocator-size-cloud-worker=32768"
    "memorysetup-temp-allocator-size-gi-baking-worker=262144"
    "memorysetup-temp-allocator-size-gfx=262144"
Player connection [31324] Host "[IP] 192.168.10.62 [Port] 0 [Flags] 2 [Guid] 1967102144 [EditorId] 1967102144 [Version] 1048832 [Id] WindowsEditor(7,DESKTOP-ESEM3S1) [Debug] 1 [PackageName] WindowsEditor [ProjectName] Editor" joined multi-casting on [225.0.0.222:54997]...

Player connection [31324] Host "[IP] 192.168.10.62 [Port] 0 [Flags] 2 [Guid] 1967102144 [EditorId] 1967102144 [Version] 1048832 [Id] WindowsEditor(7,DESKTOP-ESEM3S1) [Debug] 1 [PackageName] WindowsEditor [ProjectName] Editor" joined alternative multi-casting on [225.0.0.222:34997]...

[Physics::Module] Initialized MultithreadedJobDispatcher with 11 workers.
Refreshing native plugins compatible for Editor in 41.58 ms, found 18 plugins.
Preloading 2 native plugins for Editor in 2.48 ms.
Initialize engine version: 2022.3.14f1c1 (25540d4d24fc)
[Subsystems] Discovering subsystems at path D:/Unity/2022.3.14f1c1/Editor/Data/Resources/UnitySubsystems
[Subsystems] Discovering subsystems at path D:/Unity/bishe/Assets
GfxDevice: creating device client; threaded=0; jobified=0
Direct3D:
    Version:  Direct3D 11.0 [level 11.1]
    Renderer: NVIDIA GeForce RTX 4060 Ti (ID=0x2805)
    Vendor:   NVIDIA
    VRAM:     16109 MB
    Driver:   32.0.15.6094
Initialize mono
Mono path[0] = 'D:/Unity/2022.3.14f1c1/Editor/Data/Managed'
Mono path[1] = 'D:/Unity/2022.3.14f1c1/Editor/Data/MonoBleedingEdge/lib/mono/unityjit-win32'
Mono config path = 'D:/Unity/2022.3.14f1c1/Editor/Data/MonoBleedingEdge/etc'
Using monoOptions --debugger-agent=transport=dt_socket,embedding=1,server=y,suspend=n,address=127.0.0.1:56292
Begin MonoManager ReloadAssembly
Registering precompiled unity dll's ...
Register platform support module: D:/Unity/2022.3.14f1c1/Editor/Data/PlaybackEngines/AndroidPlayer/UnityEditor.Android.Extensions.dll
Register platform support module: D:/Unity/2022.3.14f1c1/Editor/Data/PlaybackEngines/WindowsStandaloneSupport/UnityEditor.WindowsStandalone.Extensions.dll
Registered in 0.008922 seconds.
- Loaded All Assemblies, in  0.282 seconds
Native extension for WindowsStandalone target not found
Native extension for Android target not found
Android Extension - Scanning For ADB Devices 282 ms
Mono: successfully reloaded assembly
- Finished resetting the current domain, in  0.514 seconds
Domain Reload Profiling: 793ms
	BeginReloadAssembly (91ms)
		ExecutionOrderSort (0ms)
		DisableScriptedObjects (0ms)
		BackupInstance (0ms)
		ReleaseScriptingObjects (0ms)
		CreateAndSetChildDomain (1ms)
	RebuildCommonClasses (28ms)
	RebuildNativeTypeToScriptingClass (7ms)
	initialDomainReloadingComplete (48ms)
	LoadAllAssembliesAndSetupDomain (105ms)
		LoadAssemblies (88ms)
		RebuildTransferFunctionScriptingTraits (0ms)
		AnalyzeDomain (103ms)
			TypeCache.Refresh (102ms)
				TypeCache.ScanAssembly (92ms)
			ScanForSourceGeneratedMonoScriptInfo (0ms)
			ResolveRequiredComponents (0ms)
	FinalizeReload (515ms)
		ReleaseScriptCaches (0ms)
		RebuildScriptCaches (0ms)
		SetupLoadedEditorAssemblies (477ms)
			LogAssemblyErrors (0ms)
			InitializePlatformSupportModulesInManaged (378ms)
			SetLoadedEditorAssemblies (2ms)
			RefreshPlugins (0ms)
			BeforeProcessingInitializeOnLoad (1ms)
			ProcessInitializeOnLoadAttributes (64ms)
			ProcessInitializeOnLoadMethodAttributes (31ms)
			AfterProcessingInitializeOnLoad (0ms)
			EditorAssembliesLoaded (0ms)
		ExecutionOrderSort2 (0ms)
		AwakeInstancesAfterBackupRestoration (0ms)
========================================================================
Worker process is ready to serve import requests
Begin MonoManager ReloadAssembly
- Loaded All Assemblies, in  0.595 seconds
Refreshing native plugins compatible for Editor in 17.39 ms, found 18 plugins.
Native extension for WindowsStandalone target not found
Native extension for Android target not found
Package Manager log level set to [2]
[Package Manager] Server::EnsureServerProcessIsRunning -- launch failed, reason: Unity was launched with the -noUpm command-line argument
[Package Manager] UpmClient::Send -- Unable to send message (not connected to UPM process).
[Package Manager] Cannot connect to Unity Package Manager local server
PXRLog [Build Check]RegisterBuildPlayerHandler,Already Do not show: False
UnityEngine.StackTraceUtility:ExtractStackTrace ()
UnityEngine.DebugLogHandler:LogFormat (UnityEngine.LogType,UnityEngine.Object,string,object[])
UnityEngine.Logger:Log (UnityEngine.LogType,object)
UnityEngine.Debug:Log (object)
Unity.XR.PXR.Editor.PXR_SDKBuildCheck:.cctor () (at E:/graduateschool/bishe/pico sdk/PICO Unity Integration SDK-3.3.0-20250917/Editor/PXR_SDKBuildCheck.cs:31)
System.Runtime.CompilerServices.RuntimeHelpers:RunClassConstructor (System.RuntimeTypeHandle)
UnityEditor.EditorAssemblies:ProcessInitializeOnLoadAttributes (System.Type[])

(Filename: E:/graduateschool/bishe/pico sdk/PICO Unity Integration SDK-3.3.0-20250917/Editor/PXR_SDKBuildCheck.cs Line: 31)

Mono: successfully reloaded assembly
[Package Manager] Server::EnsureServerProcessIsRunning -- launch failed, reason: Unity was launched with the -noUpm command-line argument
[Package Manager] UpmClient::Send -- Unable to send message (not connected to UPM process).
[Package Manager] Cannot connect to Unity Package Manager local server
[Package Manager] Server::EnsureServerProcessIsRunning -- launch failed, reason: Unity was launched with the -noUpm command-line argument
[Package Manager] UpmClient::Send -- Unable to send message (not connected to UPM process).
[Package Manager] Cannot connect to Unity Package Manager local server
- Finished resetting the current domain, in  0.673 seconds
Domain Reload Profiling: 1260ms
	BeginReloadAssembly (117ms)
		ExecutionOrderSort (0ms)
		DisableScriptedObjects (4ms)
		BackupInstance (0ms)
		ReleaseScriptingObjects (0ms)
		CreateAndSetChildDomain (19ms)
	RebuildCommonClasses (26ms)
	RebuildNativeTypeToScriptingClass (7ms)
	initialDomainReloadingComplete (35ms)
	LoadAllAssembliesAndSetupDomain (402ms)
		LoadAssemblies (300ms)
		RebuildTransferFunctionScriptingTraits (0ms)
		AnalyzeDomain (169ms)
			TypeCache.Refresh (137ms)
				TypeCache.ScanAssembly (125ms)
			ScanForSourceGeneratedMonoScriptInfo (23ms)
			ResolveRequiredComponents (8ms)
	FinalizeReload (673ms)
		ReleaseScriptCaches (0ms)
		RebuildScriptCaches (0ms)
		SetupLoadedEditorAssemblies (550ms)
			LogAssemblyErrors (0ms)
			InitializePlatformSupportModulesInManaged (20ms)
			SetLoadedEditorAssemblies (2ms)
			RefreshPlugins (0ms)
			BeforeProcessingInitializeOnLoad (72ms)
			ProcessInitializeOnLoadAttributes (385ms)
			ProcessInitializeOnLoadMethodAttributes (63ms)
			AfterProcessingInitializeOnLoad (8ms)
			EditorAssembliesLoaded (0ms)
		ExecutionOrderSort2 (0ms)
		AwakeInstancesAfterBackupRestoration (5ms)
Launched and connected shader compiler UnityShaderCompiler.exe after 0.04 seconds
Refreshing native plugins compatible for Editor in 18.89 ms, found 18 plugins.
Preloading 2 native plugins for Editor in 0.13 ms.
Unloading 6795 Unused Serialized files (Serialized files now loaded: 0)
Unloading 139 unused Assets / (5.0 MB). Loaded Objects now: 7215.
Memory consumption went from 314.2 MB to 309.2 MB.
Total: 4.661700 ms (FindLiveObjects: 0.510600 ms CreateObjectMapping: 0.131500 ms MarkObjects: 2.925600 ms  DeleteObjects: 1.093300 ms)

AssetImportParameters requested are different than current active one (requested -> active):
  custom:container-demuxer-ogg: 62fdf1f143b41e24485cea50d1cbac27 -> 
  custom:framework-win-MediaFoundation: 216162199b28c13a410421893ffa2e32 -> 
  custom:container-muxer-webm: aa71ff27fc2769a1b78a27578f13a17b -> 
  custom:video-decoder-webm-vp8: 9c59270c3fd7afecdb556c50c9e8de78 -> 
  custom:SearchIndexIgnoredProperties: e643bd26f0fe6173181afceb89e7c659 -> 
  custom:AudioImporter_EditorPlatform: d09bf68614088b80899f8185d706f6e7 -> 
  custom:audio-decoder-ogg-vorbis: bf7c407c2cedff20999df2af8eb42d56 -> 
  custom:audio-encoder-webm-vorbis: bf7c407c2cedff20999df2af8eb42d56 -> 
  custom:video-codec-MediaFoundation-h265: 746d11721c4dcdbdad8f713fa42b33f4 -> 
  custom:video-decoder-ogg-theora: a1e56fd34408186e4bbccfd4996cb3dc -> 
  custom:CustomObjectIndexerAttribute: a3ef5dd2817f97addfee359851a9dba5 -> 
  custom:container-demuxer-webm: 4f35f7cbe854078d1ac9338744f61a02 -> 
  custom:video-encoder-webm-vp8: eb34c28f22e8b96e1ab97ce403110664 -> 
========================================================================
Received Import Request.
  Time since last request: 87786.921196 seconds.
  path: Assets/Cafe Interior/Models/Materials
  artifactKey: Guid(b1e65d03b6c5f634ea25464555e5353e) Importer(815301076,1909f56bfc062723c751e8b465ee728b)
Start importing Assets/Cafe Interior/Models/Materials using Guid(b1e65d03b6c5f634ea25464555e5353e) Importer(815301076,1909f56bfc062723c751e8b465ee728b)  -> (artifact id: '1a69e92a80de40e20cc482212d02e6cf') in 0.001575 seconds
Number of updated asset objects reloaded before import = 0
Number of asset objects unloaded after import = 0
========================================================================
Received Import Request.
  Time since last request: 0.058047 seconds.
  path: Assets/Cafe Interior/Models/Materials/Air conditioner.mat
  artifactKey: Guid(3d04cc459fe73d34586d7f53caf8ff19) Importer(815301076,1909f56bfc062723c751e8b465ee728b)
Start importing Assets/Cafe Interior/Models/Materials/Air conditioner.mat using Guid(3d04cc459fe73d34586d7f53caf8ff19) Importer(815301076,1909f56bfc062723c751e8b465ee728b)  -> (artifact id: 'c1bb7f1aa33b6ccba9363bf5b7d845b3') in 0.210494 seconds
Number of updated asset objects reloaded before import = 0
Number of asset objects unloaded after import = 4
========================================================================
Received Import Request.
  Time since last request: 0.000019 seconds.
  path: Assets/Cafe Interior/Models/Materials/bottle glass 2.mat
  artifactKey: Guid(48df95dd025d94f4fb5b8347b40ce74a) Importer(815301076,1909f56bfc062723c751e8b465ee728b)
Start importing Assets/Cafe Interior/Models/Materials/bottle glass 2.mat using Guid(48df95dd025d94f4fb5b8347b40ce74a) Importer(815301076,1909f56bfc062723c751e8b465ee728b)  -> (artifact id: '723d3250f5b725c096b4ad06c3ba6c7a') in 0.006937 seconds
Number of updated asset objects reloaded before import = 0
Number of asset objects unloaded after import = 2
========================================================================
Received Import Request.
  Time since last request: 0.000026 seconds.
  path: Assets/Cafe Interior/Models/Materials/floor.mat
  artifactKey: Guid(1f764224f949c3b4898f4f16034615c9) Importer(815301076,1909f56bfc062723c751e8b465ee728b)
Start importing Assets/Cafe Interior/Models/Materials/floor.mat using Guid(1f764224f949c3b4898f4f16034615c9) Importer(815301076,1909f56bfc062723c751e8b465ee728b)  -> (artifact id: 'bce7f0e3409be4905dd0a2cc0e62462a') in 0.078035 seconds
Number of updated asset objects reloaded before import = 0
Number of asset objects unloaded after import = 4
========================================================================
Received Import Request.
  Time since last request: 0.000017 seconds.
  path: Assets/Cafe Interior/Models/Materials/beer tap metallic.mat
  artifactKey: Guid(354eec548862a504db8292bd010ec1c4) Importer(815301076,1909f56bfc062723c751e8b465ee728b)
Start importing Assets/Cafe Interior/Models/Materials/beer tap metallic.mat using Guid(354eec548862a504db8292bd010ec1c4) Importer(815301076,1909f56bfc062723c751e8b465ee728b)  -> (artifact id: '91ea77fdebe036037388312bafc2fb8e') in 0.007208 seconds
Number of updated asset objects reloaded before import = 0
Number of asset objects unloaded after import = 2
========================================================================
Received Import Request.
  Time since last request: 0.000014 seconds.
  path: Assets/Cafe Interior/Models/Materials/chairs color.mat
  artifactKey: Guid(f4ac8c065e444864cb6ddd491e84d7fb) Importer(815301076,1909f56bfc062723c751e8b465ee728b)
Start importing Assets/Cafe Interior/Models/Materials/chairs color.mat using Guid(f4ac8c065e444864cb6ddd491e84d7fb) Importer(815301076,1909f56bfc062723c751e8b465ee728b)  -> (artifact id: '45805590cd879151e12bc1eeca243e62') in 0.016212 seconds
Number of updated asset objects reloaded before import = 0
Number of asset objects unloaded after import = 3
========================================================================
Received Import Request.
  Time since last request: 0.000016 seconds.
  path: Assets/Cafe Interior/Models/Materials/wood 1.mat
  artifactKey: Guid(20f59a9c9b5bf5446acc62ac03b71a1f) Importer(815301076,1909f56bfc062723c751e8b465ee728b)
Start importing Assets/Cafe Interior/Models/Materials/wood 1.mat using Guid(20f59a9c9b5bf5446acc62ac03b71a1f) Importer(815301076,1909f56bfc062723c751e8b465ee728b)  -> (artifact id: '31d57d1e952b63ee0cb5e09a80815f45') in 0.022629 seconds
Number of updated asset objects reloaded before import = 0
Number of asset objects unloaded after import = 4
========================================================================
Received Import Request.
  Time since last request: 0.000016 seconds.
  path: Assets/Cafe Interior/Models/Materials/Cup.mat
  artifactKey: Guid(a1787c61e7b196b4b9a2cf60fdccb3a2) Importer(815301076,1909f56bfc062723c751e8b465ee728b)
Start importing Assets/Cafe Interior/Models/Materials/Cup.mat using Guid(a1787c61e7b196b4b9a2cf60fdccb3a2) Importer(815301076,1909f56bfc062723c751e8b465ee728b)  -> (artifact id: 'ae6ae5839d9f662ae17d9ad7f1ffb535') in 0.006176 seconds
Number of updated asset objects reloaded before import = 0
Number of asset objects unloaded after import = 2
========================================================================
Received Import Request.
  Time since last request: 0.000013 seconds.
  path: Assets/Cafe Interior/Models/Materials/milk 2.mat
  artifactKey: Guid(49f9f0532a7f58f4aa4e8e246138ea8d) Importer(815301076,1909f56bfc062723c751e8b465ee728b)
Start importing Assets/Cafe Interior/Models/Materials/milk 2.mat using Guid(49f9f0532a7f58f4aa4e8e246138ea8d) Importer(815301076,1909f56bfc062723c751e8b465ee728b)  -> (artifact id: 'bd45ec7df3498f9212801abbeffdef78') in 0.023572 seconds
Number of updated asset objects reloaded before import = 0
Number of asset objects unloaded after import = 4
========================================================================
Received Import Request.
  Time since last request: 0.000016 seconds.
  path: Assets/Cafe Interior/Models/Materials/lamp light_.mat
  artifactKey: Guid(5f3613df032f1c248aef85fddbf109d7) Importer(815301076,1909f56bfc062723c751e8b465ee728b)
Start importing Assets/Cafe Interior/Models/Materials/lamp light_.mat using Guid(5f3613df032f1c248aef85fddbf109d7) Importer(815301076,1909f56bfc062723c751e8b465ee728b)  -> (artifact id: 'b3d962f199b30685711922c1beadb6c2') in 0.006998 seconds
Number of updated asset objects reloaded before import = 0
Number of asset objects unloaded after import = 2
========================================================================
Received Import Request.
  Time since last request: 0.000021 seconds.
  path: Assets/Cafe Interior/Models/Materials/sugar.mat
  artifactKey: Guid(d3941446b956f99499e294bb9965a758) Importer(815301076,1909f56bfc062723c751e8b465ee728b)
Start importing Assets/Cafe Interior/Models/Materials/sugar.mat using Guid(d3941446b956f99499e294bb9965a758) Importer(815301076,1909f56bfc062723c751e8b465ee728b)  -> (artifact id: 'b6711f148d15088b9c8b24d83ff43c35') in 0.021374 seconds
Number of updated asset objects reloaded before import = 0
Number of asset objects unloaded after import = 4
========================================================================
Received Import Request.
  Time since last request: 0.000014 seconds.
  path: Assets/Cafe Interior/Models/Materials/can drink.mat
  artifactKey: Guid(4bb0bcbdeadb8d04b907a7c862cebc07) Importer(815301076,1909f56bfc062723c751e8b465ee728b)
Start importing Assets/Cafe Interior/Models/Materials/can drink.mat using Guid(4bb0bcbdeadb8d04b907a7c862cebc07) Importer(815301076,1909f56bfc062723c751e8b465ee728b)  -> (artifact id: '5c3524785232f94e4ee33df6e0c25812') in 0.023186 seconds
Number of updated asset objects reloaded before import = 0
Number of asset objects unloaded after import = 4
========================================================================
Received Import Request.
  Time since last request: 0.000014 seconds.
  path: Assets/Cafe Interior/Models/Materials/coffee menu.mat
  artifactKey: Guid(d036fea1caa4d7b40ad2c0a42bd42b35) Importer(815301076,1909f56bfc062723c751e8b465ee728b)
Start importing Assets/Cafe Interior/Models/Materials/coffee menu.mat using Guid(d036fea1caa4d7b40ad2c0a42bd42b35) Importer(815301076,1909f56bfc062723c751e8b465ee728b)  -> (artifact id: '9057bdac14aa8b5a94f6efeb8f465bf9') in 0.032773 seconds
Number of updated asset objects reloaded before import = 0
Number of asset objects unloaded after import = 3
========================================================================
Received Import Request.
  Time since last request: 0.000014 seconds.
  path: Assets/Cafe Interior/Models/Materials/bottle 1.mat
  artifactKey: Guid(497686c7b21214e4087520ed6f3cd70e) Importer(815301076,1909f56bfc062723c751e8b465ee728b)
Start importing Assets/Cafe Interior/Models/Materials/bottle 1.mat using Guid(497686c7b21214e4087520ed6f3cd70e) Importer(815301076,1909f56bfc062723c751e8b465ee728b)  -> (artifact id: '8aad012efb3ccc463ae3edb6a52bf426') in 0.012101 seconds
Number of updated asset objects reloaded before import = 0
Number of asset objects unloaded after import = 3
========================================================================
Received Import Request.
  Time since last request: 0.000013 seconds.
  path: Assets/Cafe Interior/Models/Materials/pictures 1.mat
  artifactKey: Guid(e7cfe0fcc6a5b2f46a5ea149858cbfca) Importer(815301076,1909f56bfc062723c751e8b465ee728b)
Start importing Assets/Cafe Interior/Models/Materials/pictures 1.mat using Guid(e7cfe0fcc6a5b2f46a5ea149858cbfca) Importer(815301076,1909f56bfc062723c751e8b465ee728b)  -> (artifact id: '1b64e53a2a2d45791cdcd297a489c810') in 0.015265 seconds
Number of updated asset objects reloaded before import = 0
Number of asset objects unloaded after import = 3
========================================================================
Received Import Request.
  Time since last request: 0.000013 seconds.
  path: Assets/Cafe Interior/Models/Materials/cake2.mat
  artifactKey: Guid(ee5f069e850d9e447be13c03894a92cb) Importer(815301076,1909f56bfc062723c751e8b465ee728b)
Start importing Assets/Cafe Interior/Models/Materials/cake2.mat using Guid(ee5f069e850d9e447be13c03894a92cb) Importer(815301076,1909f56bfc062723c751e8b465ee728b)  -> (artifact id: '63938f13d44d67b067bfdd16144675c5') in 0.015557 seconds
Number of updated asset objects reloaded before import = 0
Number of asset objects unloaded after import = 3
========================================================================
Received Import Request.
  Time since last request: 0.000015 seconds.
  path: Assets/Cafe Interior/Models/Materials/showcase metallic_.mat
  artifactKey: Guid(e3d8b158672107c4b85831211aae7d2f) Importer(815301076,1909f56bfc062723c751e8b465ee728b)
Start importing Assets/Cafe Interior/Models/Materials/showcase metallic_.mat using Guid(e3d8b158672107c4b85831211aae7d2f) Importer(815301076,1909f56bfc062723c751e8b465ee728b)  -> (artifact id: '2de8e84838e9b372a400792df3e4fc94') in 0.006043 seconds
Number of updated asset objects reloaded before import = 0
Number of asset objects unloaded after import = 2
========================================================================
Received Import Request.
  Time since last request: 0.000014 seconds.
  path: Assets/Cafe Interior/Models/Materials/MultiMat_0.mat
  artifactKey: Guid(50fe5c6e284b1744a90cbb0d3403d430) Importer(815301076,1909f56bfc062723c751e8b465ee728b)
Start importing Assets/Cafe Interior/Models/Materials/MultiMat_0.mat using Guid(50fe5c6e284b1744a90cbb0d3403d430) Importer(815301076,1909f56bfc062723c751e8b465ee728b)  -> (artifact id: '72b9e993068d788fa91361bcd5b789ed') in 0.006709 seconds
Number of updated asset objects reloaded before import = 0
Number of asset objects unloaded after import = 2
========================================================================
Received Import Request.
  Time since last request: 0.000016 seconds.
  path: Assets/Cafe Interior/Models/Materials/light.mat
  artifactKey: Guid(f07f4515cdb37774a97b1ae2c844631a) Importer(815301076,1909f56bfc062723c751e8b465ee728b)
Start importing Assets/Cafe Interior/Models/Materials/light.mat using Guid(f07f4515cdb37774a97b1ae2c844631a) Importer(815301076,1909f56bfc062723c751e8b465ee728b)  -> (artifact id: '8221ee5fc0502d9696896a1d7e1d38aa') in 0.006513 seconds
Number of updated asset objects reloaded before import = 0
Number of asset objects unloaded after import = 2
========================================================================
Received Import Request.
  Time since last request: 0.000025 seconds.
  path: Assets/Cafe Interior/Models/Materials/ground.mat
  artifactKey: Guid(d79ea2d7a3bb3c4408dbc904ad4cbede) Importer(815301076,1909f56bfc062723c751e8b465ee728b)
Start importing Assets/Cafe Interior/Models/Materials/ground.mat using Guid(d79ea2d7a3bb3c4408dbc904ad4cbede) Importer(815301076,1909f56bfc062723c751e8b465ee728b)  -> (artifact id: 'bbe410939f1d716047f4ed77937c066f') in 0.020084 seconds
Number of updated asset objects reloaded before import = 0
Number of asset objects unloaded after import = 4
Editor requested this worker to shutdown with reason: Scaling down because of idle timeout
TcpMessagingSession - receive error: operation aborted. errorcode: 995, details: 由于线程退出或应用程序请求，已中止 I/O 操作。
AssetImportWorker is now disconnected from the server
Process exiting
Exiting without the bug reporter. Application will terminate with return code 0